// Jest Snapshot v1, https://goo.gl/fbAQLP

exports[`PostPage renders base structure correctly at first load 1`] = `
<main
  className="postPage"
>
  <h1>
    Post List
  </h1>
  <button
    className="MuiButtonBase-root MuiButton-root MuiButton-contained addPostBtn"
    disabled={false}
    onBlur={[Function]}
    onClick={[Function]}
    onDragLeave={[Function]}
    onFocus={[Function]}
    onKeyDown={[Function]}
    onKeyUp={[Function]}
    onMouseDown={[Function]}
    onMouseLeave={[Function]}
    onMouseUp={[Function]}
    onTouchEnd={[Function]}
    onTouchMove={[Function]}
    onTouchStart={[Function]}
    tabIndex={0}
    type="button"
  >
    <span
      className="MuiButton-label"
    >
      <svg
        aria-hidden={true}
        className="MuiSvgIcon-root"
        focusable="false"
        viewBox="0 0 24 24"
      >
        <path
          d="M19 13h-6v6h-2v-6H5v-2h6V5h2v6h6v2z"
        />
      </svg>
    </span>
  </button>
  <hr />
</main>
`;
